removed './data/DeLIA_GlobalData.bin'
removed './data/DeLIA_gIteration.txt'
removed './data/settings.bin'
DELETING Data
removed './data/DeLIA_GlobalData.bin'
removed './data/DeLIA_gIteration.txt'
removed './data/settings.bin'
DELETING Data
FILE EQUAL
