1, 46, 91, 136, 181, 226, 271, 316, 361, 406, 
1.25, 55.25, 109.25, 163.25, 217.25, 271.25, 325.25, 379.25, 433.25, 487.25, 
6, 51, 96, 141, 186, 231, 276, 321, 366, 411, 
it 9
